gevent.c:30:13:doExitEvent	16	static
gevent.c:42:13:deleteAssignments	24	static
gevent.c:54:6:_geventInit	8	static
gevent.c:59:6:_geventDeinit	8	static
gevent.c:64:6:geventListenerInit	16	static
gevent.c:71:7:geventAttachSource	32	static
gevent.c:108:6:geventDetachSource	16	static
gevent.c:118:9:geventEventWait	16	static
gevent.c:146:6:geventEventComplete	16	static
gevent.c:151:6:geventRegisterCallback	24	static
gevent.c:163:18:geventGetSourceListener	24	static
gevent.c:187:9:geventGetEventBuffer	16	static
gevent.c:200:6:geventSendEvent	16	static
gevent.c:220:6:geventDetachSourceListeners	16	static
