gfx.c:82:6:gfxInit	8	static
gfx.c:140:6:gfxDeinit	8	static
gos_freertos.c:33:6:_gosInit	4	static
gos_freertos.c:51:6:_gosPostInit	4	static
gos_freertos.c:62:6:_gosDeinit	4	static
gos_freertos.c:69:7:gfxRealloc	32	static
gos_freertos.c:88:6:gfxSleepMilliseconds	16	static
gos_freertos.c:93:6:gfxSleepMicroseconds	16	static
gos_freertos.c:101:6:gfxMutexInit	16	static
gos_freertos.c:109:6:gfxSemInit	24	static
gos_freertos.c:120:7:gfxSemWait	16	static
gos_freertos.c:127:7:gfxSemWaitI	24	static
gos_freertos.c:136:6:gfxSemSignal	16	static,ignoring_inline_asm
gos_freertos.c:142:6:gfxSemSignalI	24	static
gos_freertos.c:149:9:gfxThreadCreate	40	static
gdriver.c:21:6:_gdriverInit	4	static
gdriver.c:25:6:_gdriverDeinit	8	static
gdriver.c:31:10:gdriverRegister	40	static
gdriver.c:69:6:gdriverUnRegister	24	static
gdriver.c:98:10:gdriverGetInstance	24	static
gdriver.c:114:10:gdriverInstanceCount	24	static
gdriver.c:127:10:gdriverGetNext	16	static
gdriver.c:136:10:gdriverGetDriverInstanceNumber	24	static
gdisp.c:108:23:drawpixel	16	static
gdisp.c:155:24:drawpixel_clip	16	static
gdisp.c:174:23:fillarea	16	static
gdisp.c:249:13:hline_clip	16	static
gdisp.c:337:13:vline_clip	16	static
gdisp.c:428:13:line_clip	32	static
gdisp.c:505:14:StartupLogoDisplay	48	static
gdisp.c:558:6:_gdispInit	16	static
gdisp.c:618:6:_gdispDeinit	4	static
gdisp.c:623:7:_gdispInitDriver	32	static
gdisp.c:643:6:_gdispPostInitDriver	24	static
gdisp.c:679:6:_gdispDeInitDriver	16	static
gdisp.c:700:11:gdispGetDisplay	16	static
gdisp.c:704:6:gdispSetDisplay	16	static
gdisp.c:708:10:gdispGetDisplayCount	8	static
gdisp.c:712:8:gdispGGetWidth	16	static
gdisp.c:713:8:gdispGGetHeight	16	static
gdisp.c:714:12:gdispGGetPowerMode	16	static
gdisp.c:715:14:gdispGGetOrientation	16	static
gdisp.c:716:5:gdispGGetBacklight	16	static
gdisp.c:717:5:gdispGGetContrast	16	static
gdisp.c:719:6:gdispGFlush	16	static
gdisp.c:981:6:gdispGDrawPixel	24	static
gdisp.c:991:6:gdispGDrawLine	24	static
gdisp.c:1003:6:gdispGClear	16	static
gdisp.c:1086:6:gdispGFillArea	24	static
gdisp.c:1100:6:gdispGBlitArea	24	static
gdisp.c:1237:7:gdispGSetClip	24	static
gdisp.c:1274:7:gdispGDrawCircle	32	static
gdisp.c:1316:7:gdispGFillCircle	32	static
gdisp.c:2868:8:gdispGControl	24	static
gdisp.c:2958:6:gdispGDrawBox	24	static
gdisp.c:3655:9:gdispBlendColor	64	static
gdisp.c:3724:8:gdispContrastColor	24	static
gevent.c:30:13:doExitEvent	16	static
gevent.c:42:13:deleteAssignments	24	static
gevent.c:54:6:_geventInit	8	static
gevent.c:59:6:_geventDeinit	8	static
gevent.c:64:6:geventListenerInit	16	static
gevent.c:71:7:geventAttachSource	32	static
gevent.c:108:6:geventDetachSource	16	static
gevent.c:118:9:geventEventWait	16	static
gevent.c:146:6:geventEventComplete	16	static
gevent.c:151:6:geventRegisterCallback	24	static
gevent.c:163:18:geventGetSourceListener	24	static
gevent.c:187:9:geventGetEventBuffer	16	static
gevent.c:200:6:geventSendEvent	16	static
gevent.c:220:6:geventDetachSourceListeners	16	static
gtimer.c:32:8:GTimerThreadHandler	40	static,ignoring_inline_asm
gtimer.c:115:6:_gtimerInit	8	static
gtimer.c:122:6:_gtimerDeinit	8	static
gtimer.c:129:6:gtimerInit	16	static
gtimer.c:134:6:gtimerDeinit	16	static
gtimer.c:139:6:gtimerStart	32	static
gtimer.c:190:6:gtimerStop	16	static
gtimer.c:208:7:gtimerIsActive	16	static
gtimer.c:212:6:gtimerJab	16	static
gtimer.c:223:6:gtimerJabI	16	static
ginput.c:28:6:_ginputInit	8	static
ginput.c:42:6:_ginputDeinit	8	static
ginput_mouse.c:74:24:CalibrationTransform	24	static
ginput_mouse.c:85:13:SendMouseEvent	32	static
ginput_mouse.c:120:13:GetMouseReading	48	static
ginput_mouse.c:338:13:MousePoll	24	static
ginput_mouse.c:354:24:CalibrationCrossDraw	32	static
ginput_mouse.c:369:24:CalibrationCrossClear	24	static
ginput_mouse.c:373:24:CalibrationCalculate	40	static
ginput_mouse.c:464:14:CalibrateMouse	96	static
ginput_mouse.c:647:6:_gmouseInit	8	static
ginput_mouse.c:675:6:_gmouseDeinit	8	static
ginput_mouse.c:679:7:_gmouseInitDriver	32	static
ginput_mouse.c:705:6:_gmousePostInitDriver	16	static
ginput_mouse.c:734:6:_gmouseDeInitDriver	16	static
ginput_mouse.c:738:15:ginputGetMouse	16	static
ginput_mouse.c:744:6:ginputSetMouseDisplay	24	static
ginput_mouse.c:753:11:ginputGetMouseDisplay	24	static
ginput_mouse.c:762:7:ginputGetMouseStatus	24	static
ginput_mouse.c:791:7:ginputSetFingerMode	24	static
ginput_mouse.c:806:7:ginputCalibrateMouse	24	static
ginput_mouse.c:822:6:_gmouseWakeup	16	static
ginput_mouse.c:829:6:_gmouseWakeupI	16	static
