gdisp.c:108:23:drawpixel	16	static
gdisp.c:155:24:drawpixel_clip	16	static
gdisp.c:174:23:fillarea	16	static
gdisp.c:249:13:hline_clip	16	static
gdisp.c:337:13:vline_clip	16	static
gdisp.c:428:13:line_clip	32	static
gdisp.c:505:14:StartupLogoDisplay	48	static
gdisp.c:558:6:_gdispInit	16	static
gdisp.c:618:6:_gdispDeinit	4	static
gdisp.c:623:7:_gdispInitDriver	32	static
gdisp.c:643:6:_gdispPostInitDriver	24	static
gdisp.c:679:6:_gdispDeInitDriver	16	static
gdisp.c:700:11:gdispGetDisplay	16	static
gdisp.c:704:6:gdispSetDisplay	16	static
gdisp.c:708:10:gdispGetDisplayCount	8	static
gdisp.c:712:8:gdispGGetWidth	16	static
gdisp.c:713:8:gdispGGetHeight	16	static
gdisp.c:714:12:gdispGGetPowerMode	16	static
gdisp.c:715:14:gdispGGetOrientation	16	static
gdisp.c:716:5:gdispGGetBacklight	16	static
gdisp.c:717:5:gdispGGetContrast	16	static
gdisp.c:719:6:gdispGFlush	16	static
gdisp.c:981:6:gdispGDrawPixel	24	static
gdisp.c:991:6:gdispGDrawLine	24	static
gdisp.c:1003:6:gdispGClear	16	static
gdisp.c:1086:6:gdispGFillArea	24	static
gdisp.c:1100:6:gdispGBlitArea	24	static
gdisp.c:1237:7:gdispGSetClip	24	static
gdisp.c:1274:7:gdispGDrawCircle	32	static
gdisp.c:1316:7:gdispGFillCircle	32	static
gdisp.c:2868:8:gdispGControl	24	static
gdisp.c:2958:6:gdispGDrawBox	24	static
gdisp.c:3655:9:gdispBlendColor	64	static
gdisp.c:3724:8:gdispContrastColor	24	static
