ginput_mouse.c:74:24:CalibrationTransform	24	static
ginput_mouse.c:85:13:SendMouseEvent	32	static
ginput_mouse.c:120:13:GetMouseReading	48	static
ginput_mouse.c:338:13:MousePoll	24	static
ginput_mouse.c:354:24:CalibrationCrossDraw	32	static
ginput_mouse.c:369:24:CalibrationCrossClear	24	static
ginput_mouse.c:373:24:CalibrationCalculate	40	static
ginput_mouse.c:464:14:CalibrateMouse	96	static
ginput_mouse.c:647:6:_gmouseInit	8	static
ginput_mouse.c:675:6:_gmouseDeinit	8	static
ginput_mouse.c:679:7:_gmouseInitDriver	32	static
ginput_mouse.c:705:6:_gmousePostInitDriver	16	static
ginput_mouse.c:734:6:_gmouseDeInitDriver	16	static
ginput_mouse.c:738:15:ginputGetMouse	16	static
ginput_mouse.c:744:6:ginputSetMouseDisplay	24	static
ginput_mouse.c:753:11:ginputGetMouseDisplay	24	static
ginput_mouse.c:762:7:ginputGetMouseStatus	24	static
ginput_mouse.c:791:7:ginputSetFingerMode	24	static
ginput_mouse.c:806:7:ginputCalibrateMouse	24	static
ginput_mouse.c:822:6:_gmouseWakeup	16	static
ginput_mouse.c:829:6:_gmouseWakeupI	16	static
